// Jest Snapshot v1, https://goo.gl/fbAQLP

exports[`should render ExpensesSummary correctly 1`] = `
<div>
  <p>
    3
  </p>
  <p>
    $1,141.95
  </p>
</div>
`;
